<html>
<body>
<pre>
<h1>µVision Build Log</h1>
<h2>Tool Versions:</h2>
IDE-Version: µVision V5.43.1.0
Copyright (C) 2025 ARM Ltd and ARM Germany GmbH. All rights reserved.
License Information: Sebastian De Leon, Western Michigan University, LIC=----
 
Tool Versions:
Toolchain:       MDK-Lite  Version: 5.43.0.0
Toolchain Path:  C:\Users\sebas\AppData\Local\Keil_v5\ARM\ARMCLANG\Bin
C Compiler:      ArmClang.exe V6.24
Assembler:       Armasm.exe V6.24
Linker/Locator:  ArmLink.exe V6.24
Library Manager: ArmAr.exe V6.24
Hex Converter:   FromElf.exe V6.24
CPU DLL:         SARMCM3.DLL V5.43.0.0
Dialog DLL:      DCM.DLL V1.17.5.0
Target DLL:      UL2CM3.DLL V1.164.16.0
Dialog DLL:      TCM.DLL V1.56.6.0
 
<h2>Project:</h2>
C:\Users\sebas\wmu_classes\spring2026\intro_microprocessors\lab\lab6\prelab\prelab.uvprojx
Project File Date:  03/01/2026

<h2>Output:</h2>
*** Using Compiler 'V6.24', folder: 'C:\Users\sebas\AppData\Local\Keil_v5\ARM\ARMCLANG\Bin'
Build target 'Target_1'
assembling main.s...
linking...
Program Size: Code=996 RO-data=80 RW-data=80 ZI-data=96  
".\Objects\prelab.axf" - 0 Error(s), 0 Warning(s).

<h2>Software Packages used:</h2>

Package Vendor: ARM
                https://www.keil.com/pack/ARM.CMSIS.6.3.0.pack
                ARM::CMSIS@6.3.0
                CMSIS (Common Microcontroller Software Interface Standard)
   * Component: CORE Version: 6.2.0

Package Vendor: Keil
                https://www.keil.com/pack/Keil.STM32L4xx_DFP.2.7.0.pack
                Keil::STM32L4xx_DFP@2.7.0
                STMicroelectronics STM32L4 Series Device Support, Drivers and Examples

<h2>Collection of Component include folders:</h2>
  ./RTE/_Target_1
  C:/Users/sebas/AppData/Local/Arm/Packs/ARM/CMSIS/6.3.0/CMSIS/Core/Include
  C:/Users/sebas/AppData/Local/Arm/Packs/Keil/STM32L4xx_DFP/2.7.0/Drivers/CMSIS/Device/ST/STM32L4xx/Include

<h2>Collection of Component Files used:</h2>

   * Component: ARM::CMSIS:CORE@6.2.0
Build Time Elapsed:  00:00:00
</pre>
</body>
</html>
